Error type B at Line 2: Missing specifier
Error type B at Line 5: Missing specifier