Error type B at Line 1: Missing specifier
Error type B at Line 5: Missing specifier
