Error type A at Line 2: unknown lexeme '\xaaaaaaaaa'
Error type A at Line 2: unknown lexeme 'aaaaaa'