Error type B at Line 1: Missing comma ','
Error type B at Line 2: Missing comma ','
Error type B at Line 6: Missing left parenthesis ')'