Error type 5 at Line 21: unmatching type on both sides of assignment
Error type 5 at Line 22: unmatching type on both sides of assignment
Error type 5 at Line 23: unmatching type on both sides of assignment
Error type 5 at Line 24: unmatching type on both sides of assignment
Error type 5 at Line 25: unmatching type on both sides of assignment
Error type 5 at Line 29: unmatching type on both sides of assignment
Error type 6 at Line 32: left side in assignment is rvalue
Error type 7 at Line 34: binary operation on non-number variables
Error type 5 at Line 34: unmatching type on both sides of assignment
Error type 7 at Line 35: binary operation on non-number variables
Error type 5 at Line 35: unmatching type on both sides of assignment