Error type 8 at Line 7: incompatiable return type
Error type 8 at Line 12: incompatiable return type: function return value should not be array type
Error type 8 at Line 20: incompatiable return type:unmatched struct type
Error type 9 at Line 29: invalid argument number for func1, expect 0, got 1
Error type 9 at Line 30: invalid argument type for func2. expected: struct, actual: int
Error type 9 at Line 32: invalid argument type for func3. expected: array (dimension:1), actual: array (dimension:2)
Error type 9 at Line 33: invalid argument number for func3, expect 4, got 2
Error type 11 at Line 34: invoking non-function variable: a
