Error type 5 at Line 19: unmatching type on both sides of assignment
Error type 8 at Line 21: incompatiable return type:unmatched struct type
